
*** Running vivado
    with args -log test_uart.vds -m64 -product Vivado -mode batch -messageDb vivado.pb -notrace -source test_uart.tcl



****** Vivado v2024.1 (64-bit)
  **** SW Build 5076996 on Wed May 22 18:37:14 MDT 2024
  **** IP Build 5075265 on Wed May 22 21:45:21 MDT 2024
  **** SharedData Build 5076995 on Wed May 22 18:29:18 MDT 2024
  **** Start of session at: Thu Aug 27 17:52:12 2026
    ** Copyright 1986-2022 Xilinx, Inc. All Rights Reserved.
    ** Copyright 2022-2024 Advanced Micro Devices, Inc. All Rights Reserved.

source test_uart.tcl -notrace
create_project: Time (s): cpu = 00:00:07 ; elapsed = 00:00:08 . Memory (MB): peak = 531.109 ; gain = 200.125
Command: read_checkpoint -auto_incremental -incremental C:/Facultate/An_3/Semestrul_2/proiecte/Proiect_uart_spi/UART_SPI/UART_SPI.srcs/utils_1/imports/synth_1/test_uart.dcp
INFO: [Vivado 12-5825] Read reference checkpoint from C:/Facultate/An_3/Semestrul_2/proiecte/Proiect_uart_spi/UART_SPI/UART_SPI.srcs/utils_1/imports/synth_1/test_uart.dcp for incremental synthesis
INFO: [Vivado 12-7989] Please ensure there are no constraint changes
Command: synth_design -top test_uart -part xc7a35tcpg236-1
Starting synth_design
Attempting to get a license for feature 'Synthesis' and/or device 'xc7a35t'
INFO: [Common 17-349] Got license for feature 'Synthesis' and/or device 'xc7a35t'
INFO: [Device 21-403] Loading part xc7a35tcpg236-1
INFO: [Device 21-9227] Part: xc7a35tcpg236-1 does not have CEAM library.
INFO: [Designutils 20-5440] No compile time benefit to using incremental synthesis; A full resynthesis will be run
INFO: [Designutils 20-4379] Flow is switching to default flow due to incremental criteria not met. If you would like to alter this behaviour and have the flow terminate instead, please set the following parameter config_implementation {autoIncr.Synth.RejectBehavior Terminate}
INFO: [Synth 8-7079] Multithreading enabled for synth_design using a maximum of 2 processes.
INFO: [Synth 8-7078] Launching helper process for spawning children vivado processes
INFO: [Synth 8-7075] Helper process launched with PID 30192
---------------------------------------------------------------------------------
Starting RTL Elaboration : Time (s): cpu = 00:00:05 ; elapsed = 00:00:06 . Memory (MB): peak = 1384.082 ; gain = 448.820
---------------------------------------------------------------------------------
INFO: [Synth 8-638] synthesizing module 'test_uart' [C:/Facultate/An_3/Semestrul_2/proiecte/Proiect_uart_spi/UART_SPI/UART_SPI.srcs/sources_1/new/test_uart.vhd:18]
INFO: [Synth 8-3491] module 'uart_in' declared at 'C:/Facultate/An_3/Semestrul_2/proiecte/Proiect_uart_spi/UART_SPI/UART_SPI.srcs/sources_1/new/uart_in.vhd:5' bound to instance 'C0' of component 'uart_in' [C:/Facultate/An_3/Semestrul_2/proiecte/Proiect_uart_spi/UART_SPI/UART_SPI.srcs/sources_1/new/test_uart.vhd:57]
INFO: [Synth 8-638] synthesizing module 'uart_in' [C:/Facultate/An_3/Semestrul_2/proiecte/Proiect_uart_spi/UART_SPI/UART_SPI.srcs/sources_1/new/uart_in.vhd:13]
INFO: [Synth 8-3491] module 'clock_div' declared at 'C:/Facultate/An_3/Semestrul_2/proiecte/Proiect_uart_spi/UART_SPI/UART_SPI.srcs/sources_1/new/clock_div.vhd:7' bound to instance 'C0' of component 'clock_div' [C:/Facultate/An_3/Semestrul_2/proiecte/Proiect_uart_spi/UART_SPI/UART_SPI.srcs/sources_1/new/uart_in.vhd:27]
INFO: [Synth 8-638] synthesizing module 'clock_div' [C:/Facultate/An_3/Semestrul_2/proiecte/Proiect_uart_spi/UART_SPI/UART_SPI.srcs/sources_1/new/clock_div.vhd:12]
INFO: [Synth 8-256] done synthesizing module 'clock_div' (0#1) [C:/Facultate/An_3/Semestrul_2/proiecte/Proiect_uart_spi/UART_SPI/UART_SPI.srcs/sources_1/new/clock_div.vhd:12]
INFO: [Synth 8-256] done synthesizing module 'uart_in' (0#1) [C:/Facultate/An_3/Semestrul_2/proiecte/Proiect_uart_spi/UART_SPI/UART_SPI.srcs/sources_1/new/uart_in.vhd:13]
INFO: [Synth 8-3491] module 'uart_out' declared at 'C:/Facultate/An_3/Semestrul_2/proiecte/Proiect_uart_spi/UART_SPI/UART_SPI.srcs/sources_1/new/uart_out.vhd:5' bound to instance 'C1' of component 'uart_out' [C:/Facultate/An_3/Semestrul_2/proiecte/Proiect_uart_spi/UART_SPI/UART_SPI.srcs/sources_1/new/test_uart.vhd:58]
INFO: [Synth 8-638] synthesizing module 'uart_out' [C:/Facultate/An_3/Semestrul_2/proiecte/Proiect_uart_spi/UART_SPI/UART_SPI.srcs/sources_1/new/uart_out.vhd:13]
INFO: [Synth 8-3491] module 'clock_div' declared at 'C:/Facultate/An_3/Semestrul_2/proiecte/Proiect_uart_spi/UART_SPI/UART_SPI.srcs/sources_1/new/clock_div.vhd:7' bound to instance 'C0' of component 'clock_div' [C:/Facultate/An_3/Semestrul_2/proiecte/Proiect_uart_spi/UART_SPI/UART_SPI.srcs/sources_1/new/uart_out.vhd:26]
INFO: [Synth 8-256] done synthesizing module 'uart_out' (0#1) [C:/Facultate/An_3/Semestrul_2/proiecte/Proiect_uart_spi/UART_SPI/UART_SPI.srcs/sources_1/new/uart_out.vhd:13]
INFO: [Synth 8-3491] module 'bridge_uart_spi' declared at 'C:/Facultate/An_3/Semestrul_2/proiecte/Proiect_uart_spi/UART_SPI/UART_SPI.srcs/sources_1/new/bridge_uart_spi.vhd:5' bound to instance 'C2' of component 'bridge_uart_spi' [C:/Facultate/An_3/Semestrul_2/proiecte/Proiect_uart_spi/UART_SPI/UART_SPI.srcs/sources_1/new/test_uart.vhd:59]
INFO: [Synth 8-638] synthesizing module 'bridge_uart_spi' [C:/Facultate/An_3/Semestrul_2/proiecte/Proiect_uart_spi/UART_SPI/UART_SPI.srcs/sources_1/new/bridge_uart_spi.vhd:14]
INFO: [Synth 8-3491] module 'clock_div' declared at 'C:/Facultate/An_3/Semestrul_2/proiecte/Proiect_uart_spi/UART_SPI/UART_SPI.srcs/sources_1/new/clock_div.vhd:7' bound to instance 'C1' of component 'clock_div' [C:/Facultate/An_3/Semestrul_2/proiecte/Proiect_uart_spi/UART_SPI/UART_SPI.srcs/sources_1/new/bridge_uart_spi.vhd:28]
INFO: [Synth 8-256] done synthesizing module 'bridge_uart_spi' (0#1) [C:/Facultate/An_3/Semestrul_2/proiecte/Proiect_uart_spi/UART_SPI/UART_SPI.srcs/sources_1/new/bridge_uart_spi.vhd:14]
INFO: [Synth 8-3491] module 'display_7seg' declared at 'C:/Facultate/An_3/Semestrul_2/proiecte/Proiect_uart_spi/UART_SPI/UART_SPI.srcs/sources_1/new/display_7seg.vhd:6' bound to instance 'C3' of component 'display_7seg' [C:/Facultate/An_3/Semestrul_2/proiecte/Proiect_uart_spi/UART_SPI/UART_SPI.srcs/sources_1/new/test_uart.vhd:60]
INFO: [Synth 8-638] synthesizing module 'display_7seg' [C:/Facultate/An_3/Semestrul_2/proiecte/Proiect_uart_spi/UART_SPI/UART_SPI.srcs/sources_1/new/display_7seg.vhd:15]
INFO: [Synth 8-226] default block is never used [C:/Facultate/An_3/Semestrul_2/proiecte/Proiect_uart_spi/UART_SPI/UART_SPI.srcs/sources_1/new/display_7seg.vhd:32]
INFO: [Synth 8-226] default block is never used [C:/Facultate/An_3/Semestrul_2/proiecte/Proiect_uart_spi/UART_SPI/UART_SPI.srcs/sources_1/new/display_7seg.vhd:53]
INFO: [Synth 8-256] done synthesizing module 'display_7seg' (0#1) [C:/Facultate/An_3/Semestrul_2/proiecte/Proiect_uart_spi/UART_SPI/UART_SPI.srcs/sources_1/new/display_7seg.vhd:15]
INFO: [Synth 8-256] done synthesizing module 'test_uart' (0#1) [C:/Facultate/An_3/Semestrul_2/proiecte/Proiect_uart_spi/UART_SPI/UART_SPI.srcs/sources_1/new/test_uart.vhd:18]
---------------------------------------------------------------------------------
Finished RTL Elaboration : Time (s): cpu = 00:00:07 ; elapsed = 00:00:08 . Memory (MB): peak = 1496.785 ; gain = 561.523
---------------------------------------------------------------------------------
---------------------------------------------------------------------------------
Start Handling Custom Attributes
---------------------------------------------------------------------------------
---------------------------------------------------------------------------------
Finished Handling Custom Attributes : Time (s): cpu = 00:00:07 ; elapsed = 00:00:08 . Memory (MB): peak = 1497.113 ; gain = 561.852
---------------------------------------------------------------------------------
---------------------------------------------------------------------------------
Finished RTL Optimization Phase 1 : Time (s): cpu = 00:00:07 ; elapsed = 00:00:08 . Memory (MB): peak = 1497.113 ; gain = 561.852
---------------------------------------------------------------------------------
Netlist sorting complete. Time (s): cpu = 00:00:00 ; elapsed = 00:00:00.003 . Memory (MB): peak = 1497.113 ; gain = 0.000
INFO: [Project 1-570] Preparing netlist for logic optimization

Processing XDC Constraints
Initializing timing engine
Parsing XDC File [C:/Facultate/An_3/Semestrul_2/proiecte/Proiect_uart_spi/UART_SPI/UART_SPI.srcs/constrs_1/imports/Downloads/Basys3_Master.xdc]
WARNING: [Vivado 12-584] No ports matched 'vauxp6'. [C:/Facultate/An_3/Semestrul_2/proiecte/Proiect_uart_spi/UART_SPI/UART_SPI.srcs/constrs_1/imports/Downloads/Basys3_Master.xdc:209]
CRITICAL WARNING: [Common 17-55] 'set_property' expects at least one object. [C:/Facultate/An_3/Semestrul_2/proiecte/Proiect_uart_spi/UART_SPI/UART_SPI.srcs/constrs_1/imports/Downloads/Basys3_Master.xdc:209]
Resolution: If [get_<value>] was used to populate the object, check to make sure this command returns at least one valid object.
WARNING: [Vivado 12-584] No ports matched 'vauxp6'. [C:/Facultate/An_3/Semestrul_2/proiecte/Proiect_uart_spi/UART_SPI/UART_SPI.srcs/constrs_1/imports/Downloads/Basys3_Master.xdc:210]
CRITICAL WARNING: [Common 17-55] 'set_property' expects at least one object. [C:/Facultate/An_3/Semestrul_2/proiecte/Proiect_uart_spi/UART_SPI/UART_SPI.srcs/constrs_1/imports/Downloads/Basys3_Master.xdc:210]
Resolution: If [get_<value>] was used to populate the object, check to make sure this command returns at least one valid object.
WARNING: [Vivado 12-584] No ports matched 'vauxp14'. [C:/Facultate/An_3/Semestrul_2/proiecte/Proiect_uart_spi/UART_SPI/UART_SPI.srcs/constrs_1/imports/Downloads/Basys3_Master.xdc:212]
CRITICAL WARNING: [Common 17-55] 'set_property' expects at least one object. [C:/Facultate/An_3/Semestrul_2/proiecte/Proiect_uart_spi/UART_SPI/UART_SPI.srcs/constrs_1/imports/Downloads/Basys3_Master.xdc:212]
Resolution: If [get_<value>] was used to populate the object, check to make sure this command returns at least one valid object.
WARNING: [Vivado 12-584] No ports matched 'vauxp14'. [C:/Facultate/An_3/Semestrul_2/proiecte/Proiect_uart_spi/UART_SPI/UART_SPI.srcs/constrs_1/imports/Downloads/Basys3_Master.xdc:213]
CRITICAL WARNING: [Common 17-55] 'set_property' expects at least one object. [C:/Facultate/An_3/Semestrul_2/proiecte/Proiect_uart_spi/UART_SPI/UART_SPI.srcs/constrs_1/imports/Downloads/Basys3_Master.xdc:213]
Resolution: If [get_<value>] was used to populate the object, check to make sure this command returns at least one valid object.
WARNING: [Vivado 12-584] No ports matched 'vauxp7'. [C:/Facultate/An_3/Semestrul_2/proiecte/Proiect_uart_spi/UART_SPI/UART_SPI.srcs/constrs_1/imports/Downloads/Basys3_Master.xdc:215]
CRITICAL WARNING: [Common 17-55] 'set_property' expects at least one object. [C:/Facultate/An_3/Semestrul_2/proiecte/Proiect_uart_spi/UART_SPI/UART_SPI.srcs/constrs_1/imports/Downloads/Basys3_Master.xdc:215]
Resolution: If [get_<value>] was used to populate the object, check to make sure this command returns at least one valid object.
WARNING: [Vivado 12-584] No ports matched 'vauxp7'. [C:/Facultate/An_3/Semestrul_2/proiecte/Proiect_uart_spi/UART_SPI/UART_SPI.srcs/constrs_1/imports/Downloads/Basys3_Master.xdc:216]
CRITICAL WARNING: [Common 17-55] 'set_property' expects at least one object. [C:/Facultate/An_3/Semestrul_2/proiecte/Proiect_uart_spi/UART_SPI/UART_SPI.srcs/constrs_1/imports/Downloads/Basys3_Master.xdc:216]
Resolution: If [get_<value>] was used to populate the object, check to make sure this command returns at least one valid object.
WARNING: [Vivado 12-584] No ports matched 'vauxp15'. [C:/Facultate/An_3/Semestrul_2/proiecte/Proiect_uart_spi/UART_SPI/UART_SPI.srcs/constrs_1/imports/Downloads/Basys3_Master.xdc:218]
CRITICAL WARNING: [Common 17-55] 'set_property' expects at least one object. [C:/Facultate/An_3/Semestrul_2/proiecte/Proiect_uart_spi/UART_SPI/UART_SPI.srcs/constrs_1/imports/Downloads/Basys3_Master.xdc:218]
Resolution: If [get_<value>] was used to populate the object, check to make sure this command returns at least one valid object.
WARNING: [Vivado 12-584] No ports matched 'vauxp15'. [C:/Facultate/An_3/Semestrul_2/proiecte/Proiect_uart_spi/UART_SPI/UART_SPI.srcs/constrs_1/imports/Downloads/Basys3_Master.xdc:219]
CRITICAL WARNING: [Common 17-55] 'set_property' expects at least one object. [C:/Facultate/An_3/Semestrul_2/proiecte/Proiect_uart_spi/UART_SPI/UART_SPI.srcs/constrs_1/imports/Downloads/Basys3_Master.xdc:219]
Resolution: If [get_<value>] was used to populate the object, check to make sure this command returns at least one valid object.
WARNING: [Vivado 12-584] No ports matched 'vauxn6'. [C:/Facultate/An_3/Semestrul_2/proiecte/Proiect_uart_spi/UART_SPI/UART_SPI.srcs/constrs_1/imports/Downloads/Basys3_Master.xdc:221]
CRITICAL WARNING: [Common 17-55] 'set_property' expects at least one object. [C:/Facultate/An_3/Semestrul_2/proiecte/Proiect_uart_spi/UART_SPI/UART_SPI.srcs/constrs_1/imports/Downloads/Basys3_Master.xdc:221]
Resolution: If [get_<value>] was used to populate the object, check to make sure this command returns at least one valid object.
WARNING: [Vivado 12-584] No ports matched 'vauxn6'. [C:/Facultate/An_3/Semestrul_2/proiecte/Proiect_uart_spi/UART_SPI/UART_SPI.srcs/constrs_1/imports/Downloads/Basys3_Master.xdc:222]
CRITICAL WARNING: [Common 17-55] 'set_property' expects at least one object. [C:/Facultate/An_3/Semestrul_2/proiecte/Proiect_uart_spi/UART_SPI/UART_SPI.srcs/constrs_1/imports/Downloads/Basys3_Master.xdc:222]
Resolution: If [get_<value>] was used to populate the object, check to make sure this command returns at least one valid object.
WARNING: [Vivado 12-584] No ports matched 'vauxn14'. [C:/Facultate/An_3/Semestrul_2/proiecte/Proiect_uart_spi/UART_SPI/UART_SPI.srcs/constrs_1/imports/Downloads/Basys3_Master.xdc:224]
CRITICAL WARNING: [Common 17-55] 'set_property' expects at least one object. [C:/Facultate/An_3/Semestrul_2/proiecte/Proiect_uart_spi/UART_SPI/UART_SPI.srcs/constrs_1/imports/Downloads/Basys3_Master.xdc:224]
Resolution: If [get_<value>] was used to populate the object, check to make sure this command returns at least one valid object.
WARNING: [Vivado 12-584] No ports matched 'vauxn14'. [C:/Facultate/An_3/Semestrul_2/proiecte/Proiect_uart_spi/UART_SPI/UART_SPI.srcs/constrs_1/imports/Downloads/Basys3_Master.xdc:225]
CRITICAL WARNING: [Common 17-55] 'set_property' expects at least one object. [C:/Facultate/An_3/Semestrul_2/proiecte/Proiect_uart_spi/UART_SPI/UART_SPI.srcs/constrs_1/imports/Downloads/Basys3_Master.xdc:225]
Resolution: If [get_<value>] was used to populate the object, check to make sure this command returns at least one valid object.
WARNING: [Vivado 12-584] No ports matched 'vauxn7'. [C:/Facultate/An_3/Semestrul_2/proiecte/Proiect_uart_spi/UART_SPI/UART_SPI.srcs/constrs_1/imports/Downloads/Basys3_Master.xdc:227]
CRITICAL WARNING: [Common 17-55] 'set_property' expects at least one object. [C:/Facultate/An_3/Semestrul_2/proiecte/Proiect_uart_spi/UART_SPI/UART_SPI.srcs/constrs_1/imports/Downloads/Basys3_Master.xdc:227]
Resolution: If [get_<value>] was used to populate the object, check to make sure this command returns at least one valid object.
WARNING: [Vivado 12-584] No ports matched 'vauxn7'. [C:/Facultate/An_3/Semestrul_2/proiecte/Proiect_uart_spi/UART_SPI/UART_SPI.srcs/constrs_1/imports/Downloads/Basys3_Master.xdc:228]
CRITICAL WARNING: [Common 17-55] 'set_property' expects at least one object. [C:/Facultate/An_3/Semestrul_2/proiecte/Proiect_uart_spi/UART_SPI/UART_SPI.srcs/constrs_1/imports/Downloads/Basys3_Master.xdc:228]
Resolution: If [get_<value>] was used to populate the object, check to make sure this command returns at least one valid object.
WARNING: [Vivado 12-584] No ports matched 'vauxn15'. [C:/Facultate/An_3/Semestrul_2/proiecte/Proiect_uart_spi/UART_SPI/UART_SPI.srcs/constrs_1/imports/Downloads/Basys3_Master.xdc:230]
CRITICAL WARNING: [Common 17-55] 'set_property' expects at least one object. [C:/Facultate/An_3/Semestrul_2/proiecte/Proiect_uart_spi/UART_SPI/UART_SPI.srcs/constrs_1/imports/Downloads/Basys3_Master.xdc:230]
Resolution: If [get_<value>] was used to populate the object, check to make sure this command returns at least one valid object.
WARNING: [Vivado 12-584] No ports matched 'vauxn15'. [C:/Facultate/An_3/Semestrul_2/proiecte/Proiect_uart_spi/UART_SPI/UART_SPI.srcs/constrs_1/imports/Downloads/Basys3_Master.xdc:231]
CRITICAL WARNING: [Common 17-55] 'set_property' expects at least one object. [C:/Facultate/An_3/Semestrul_2/proiecte/Proiect_uart_spi/UART_SPI/UART_SPI.srcs/constrs_1/imports/Downloads/Basys3_Master.xdc:231]
Resolution: If [get_<value>] was used to populate the object, check to make sure this command returns at least one valid object.
Finished Parsing XDC File [C:/Facultate/An_3/Semestrul_2/proiecte/Proiect_uart_spi/UART_SPI/UART_SPI.srcs/constrs_1/imports/Downloads/Basys3_Master.xdc]
INFO: [Project 1-236] Implementation specific constraints were found while reading constraint file [C:/Facultate/An_3/Semestrul_2/proiecte/Proiect_uart_spi/UART_SPI/UART_SPI.srcs/constrs_1/imports/Downloads/Basys3_Master.xdc]. These constraints will be ignored for synthesis but will be used in implementation. Impacted constraints are listed in the file [.Xil/test_uart_propImpl.xdc].
Resolution: To avoid this warning, move constraints listed in [.Xil/test_uart_propImpl.xdc] to another XDC file and exclude this new file from synthesis with the used_in_synthesis property (File Properties dialog in GUI) and re-run elaboration/synthesis.
Completed Processing XDC Constraints

Netlist sorting complete. Time (s): cpu = 00:00:00 ; elapsed = 00:00:00.001 . Memory (MB): peak = 1616.113 ; gain = 0.000
INFO: [Project 1-111] Unisim Transformation Summary:
No Unisim elements were transformed.

Constraint Validation Runtime : Time (s): cpu = 00:00:00 ; elapsed = 00:00:00.023 . Memory (MB): peak = 1616.113 ; gain = 0.000
INFO: [Designutils 20-5440] No compile time benefit to using incremental synthesis; A full resynthesis will be run
INFO: [Designutils 20-4379] Flow is switching to default flow due to incremental criteria not met. If you would like to alter this behaviour and have the flow terminate instead, please set the following parameter config_implementation {autoIncr.Synth.RejectBehavior Terminate}
---------------------------------------------------------------------------------
Finished Constraint Validation : Time (s): cpu = 00:00:15 ; elapsed = 00:00:16 . Memory (MB): peak = 1616.113 ; gain = 680.852
---------------------------------------------------------------------------------
---------------------------------------------------------------------------------
Start Loading Part and Timing Information
---------------------------------------------------------------------------------
Loading part: xc7a35tcpg236-1
---------------------------------------------------------------------------------
Finished Loading Part and Timing Information : Time (s): cpu = 00:00:15 ; elapsed = 00:00:16 . Memory (MB): peak = 1616.113 ; gain = 680.852
---------------------------------------------------------------------------------
---------------------------------------------------------------------------------
Start Applying 'set_property' XDC Constraints
---------------------------------------------------------------------------------
---------------------------------------------------------------------------------
Finished applying 'set_property' XDC Constraints : Time (s): cpu = 00:00:15 ; elapsed = 00:00:17 . Memory (MB): peak = 1616.113 ; gain = 680.852
---------------------------------------------------------------------------------
INFO: [Synth 8-802] inferred FSM for state register 'state_reg' in module 'uart_in'
INFO: [Synth 8-802] inferred FSM for state register 'state_reg' in module 'uart_out'
INFO: [Synth 8-802] inferred FSM for state register 'init_state_reg' in module 'bridge_uart_spi'
---------------------------------------------------------------------------------------------------
                   State |                     New Encoding |                Previous Encoding 
---------------------------------------------------------------------------------------------------
                    idle |                              000 |                              000
            start_detect |                              001 |                              001
               read_data |                              010 |                              010
             verify_stop |                              011 |                              011
              done_state |                              100 |                              100
             error_state |                              101 |                              101
---------------------------------------------------------------------------------------------------
INFO: [Synth 8-3354] encoded FSM with state register 'state_reg' using encoding 'sequential' in module 'uart_in'
---------------------------------------------------------------------------------------------------
                   State |                     New Encoding |                Previous Encoding 
---------------------------------------------------------------------------------------------------
                    idle |                              000 |                              000
               start_bit |                              001 |                              001
               send_data |                              010 |                              010
                stop_bit |                              011 |                              011
                 done_tx |                              100 |                              100
---------------------------------------------------------------------------------------------------
INFO: [Synth 8-3354] encoded FSM with state register 'state_reg' using encoding 'sequential' in module 'uart_out'
---------------------------------------------------------------------------------------------------
                   State |                     New Encoding |                Previous Encoding 
---------------------------------------------------------------------------------------------------
                    idle |                            00001 |                              000
                   start |                            00010 |                              001
                send_low |                            00100 |                              010
               send_high |                            01000 |                              011
                    done |                            10000 |                              100
---------------------------------------------------------------------------------------------------
INFO: [Synth 8-3354] encoded FSM with state register 'init_state_reg' using encoding 'one-hot' in module 'bridge_uart_spi'
---------------------------------------------------------------------------------
Finished RTL Optimization Phase 2 : Time (s): cpu = 00:00:15 ; elapsed = 00:00:17 . Memory (MB): peak = 1616.113 ; gain = 680.852
---------------------------------------------------------------------------------
---------------------------------------------------------------------------------
Start RTL Component Statistics 
---------------------------------------------------------------------------------
Detailed RTL Component Info : 
+---Adders : 
	   2 Input   32 Bit       Adders := 3     
	   2 Input    4 Bit       Adders := 2     
	   2 Input    3 Bit       Adders := 3     
+---Registers : 
	               32 Bit    Registers := 3     
	                8 Bit    Registers := 4     
	                4 Bit    Registers := 2     
	                3 Bit    Registers := 3     
	                2 Bit    Registers := 1     
	                1 Bit    Registers := 9     
+---Muxes : 
	   2 Input    8 Bit        Muxes := 2     
	   6 Input    8 Bit        Muxes := 1     
	   5 Input    5 Bit        Muxes := 1     
	   2 Input    5 Bit        Muxes := 1     
	   2 Input    4 Bit        Muxes := 3     
	   6 Input    4 Bit        Muxes := 1     
	   5 Input    4 Bit        Muxes := 1     
	   4 Input    4 Bit        Muxes := 2     
	   6 Input    3 Bit        Muxes := 2     
	   2 Input    3 Bit        Muxes := 1     
	   5 Input    3 Bit        Muxes := 3     
	   5 Input    2 Bit        Muxes := 1     
	   2 Input    1 Bit        Muxes := 14    
	   6 Input    1 Bit        Muxes := 8     
	   5 Input    1 Bit        Muxes := 14    
---------------------------------------------------------------------------------
Finished RTL Component Statistics 
---------------------------------------------------------------------------------
---------------------------------------------------------------------------------
Start Part Resource Summary
---------------------------------------------------------------------------------
Part Resources:
DSPs: 90 (col length:60)
BRAMs: 100 (col length: RAMB18 60 RAMB36 30)
---------------------------------------------------------------------------------
Finished Part Resource Summary
---------------------------------------------------------------------------------
---------------------------------------------------------------------------------
Start Cross Boundary and Area Optimization
---------------------------------------------------------------------------------
WARNING: [Synth 8-7080] Parallel synthesis criteria is not met
---------------------------------------------------------------------------------
Finished Cross Boundary and Area Optimization : Time (s): cpu = 00:00:18 ; elapsed = 00:00:19 . Memory (MB): peak = 1616.113 ; gain = 680.852
---------------------------------------------------------------------------------
---------------------------------------------------------------------------------
Start Applying XDC Timing Constraints
---------------------------------------------------------------------------------
---------------------------------------------------------------------------------
Finished Applying XDC Timing Constraints : Time (s): cpu = 00:00:23 ; elapsed = 00:00:25 . Memory (MB): peak = 1616.113 ; gain = 680.852
---------------------------------------------------------------------------------
---------------------------------------------------------------------------------
Start Timing Optimization
---------------------------------------------------------------------------------
---------------------------------------------------------------------------------
Finished Timing Optimization : Time (s): cpu = 00:00:23 ; elapsed = 00:00:25 . Memory (MB): peak = 1616.113 ; gain = 680.852
---------------------------------------------------------------------------------
---------------------------------------------------------------------------------
Start Technology Mapping
---------------------------------------------------------------------------------
---------------------------------------------------------------------------------
Finished Technology Mapping : Time (s): cpu = 00:00:23 ; elapsed = 00:00:25 . Memory (MB): peak = 1616.113 ; gain = 680.852
---------------------------------------------------------------------------------
---------------------------------------------------------------------------------
Start IO Insertion
---------------------------------------------------------------------------------
---------------------------------------------------------------------------------
Start Flattening Before IO Insertion
---------------------------------------------------------------------------------
---------------------------------------------------------------------------------
Finished Flattening Before IO Insertion
---------------------------------------------------------------------------------
---------------------------------------------------------------------------------
Start Final Netlist Cleanup
---------------------------------------------------------------------------------
---------------------------------------------------------------------------------
Finished Final Netlist Cleanup
---------------------------------------------------------------------------------
---------------------------------------------------------------------------------
Finished IO Insertion : Time (s): cpu = 00:00:27 ; elapsed = 00:00:30 . Memory (MB): peak = 1616.113 ; gain = 680.852
---------------------------------------------------------------------------------
---------------------------------------------------------------------------------
Start Renaming Generated Instances
---------------------------------------------------------------------------------
---------------------------------------------------------------------------------
Finished Renaming Generated Instances : Time (s): cpu = 00:00:27 ; elapsed = 00:00:30 . Memory (MB): peak = 1616.113 ; gain = 680.852
---------------------------------------------------------------------------------
---------------------------------------------------------------------------------
Start Rebuilding User Hierarchy
---------------------------------------------------------------------------------
---------------------------------------------------------------------------------
Finished Rebuilding User Hierarchy : Time (s): cpu = 00:00:27 ; elapsed = 00:00:30 . Memory (MB): peak = 1616.113 ; gain = 680.852
---------------------------------------------------------------------------------
---------------------------------------------------------------------------------
Start Renaming Generated Ports
---------------------------------------------------------------------------------
---------------------------------------------------------------------------------
Finished Renaming Generated Ports : Time (s): cpu = 00:00:27 ; elapsed = 00:00:30 . Memory (MB): peak = 1616.113 ; gain = 680.852
---------------------------------------------------------------------------------
---------------------------------------------------------------------------------
Start Handling Custom Attributes
---------------------------------------------------------------------------------
---------------------------------------------------------------------------------
Finished Handling Custom Attributes : Time (s): cpu = 00:00:27 ; elapsed = 00:00:30 . Memory (MB): peak = 1616.113 ; gain = 680.852
---------------------------------------------------------------------------------
---------------------------------------------------------------------------------
Start Renaming Generated Nets
---------------------------------------------------------------------------------
---------------------------------------------------------------------------------
Finished Renaming Generated Nets : Time (s): cpu = 00:00:27 ; elapsed = 00:00:30 . Memory (MB): peak = 1616.113 ; gain = 680.852
---------------------------------------------------------------------------------
---------------------------------------------------------------------------------
Start Writing Synthesis Report
---------------------------------------------------------------------------------

Report BlackBoxes: 
+-+--------------+----------+
| |BlackBox name |Instances |
+-+--------------+----------+
+-+--------------+----------+

Report Cell Usage: 
+------+-------+------+
|      |Cell   |Count |
+------+-------+------+
|1     |BUFG   |     1|
|2     |CARRY4 |    29|
|3     |LUT1   |     4|
|4     |LUT2   |    13|
|5     |LUT3   |    18|
|6     |LUT4   |    32|
|7     |LUT5   |    19|
|8     |LUT6   |    32|
|9     |FDRE   |   186|
|10    |IBUF   |     2|
|11    |OBUF   |    17|
+------+-------+------+
---------------------------------------------------------------------------------
Finished Writing Synthesis Report : Time (s): cpu = 00:00:27 ; elapsed = 00:00:30 . Memory (MB): peak = 1616.113 ; gain = 680.852
---------------------------------------------------------------------------------
Synthesis finished with 0 errors, 0 critical warnings and 1 warnings.
Synthesis Optimization Runtime : Time (s): cpu = 00:00:19 ; elapsed = 00:00:27 . Memory (MB): peak = 1616.113 ; gain = 561.852
Synthesis Optimization Complete : Time (s): cpu = 00:00:28 ; elapsed = 00:00:30 . Memory (MB): peak = 1616.113 ; gain = 680.852
INFO: [Project 1-571] Translating synthesized netlist
Netlist sorting complete. Time (s): cpu = 00:00:00 ; elapsed = 00:00:00.002 . Memory (MB): peak = 1616.113 ; gain = 0.000
INFO: [Netlist 29-17] Analyzing 29 Unisim elements for replacement
INFO: [Netlist 29-28] Unisim Transformation completed in 0 CPU seconds
INFO: [Project 1-570] Preparing netlist for logic optimization
INFO: [Opt 31-138] Pushed 0 inverter(s) to 0 load pin(s).
Netlist sorting complete. Time (s): cpu = 00:00:00 ; elapsed = 00:00:00 . Memory (MB): peak = 1616.113 ; gain = 0.000
INFO: [Project 1-111] Unisim Transformation Summary:
No Unisim elements were transformed.

Synth Design complete | Checksum: b0ee574e
INFO: [Common 17-83] Releasing license: Synthesis
49 Infos, 17 Warnings, 16 Critical Warnings and 0 Errors encountered.
synth_design completed successfully
synth_design: Time (s): cpu = 00:00:32 ; elapsed = 00:00:41 . Memory (MB): peak = 1616.113 ; gain = 1080.918
INFO: [runtcl-6] Synthesis results are not added to the cache due to CRITICAL_WARNING
Write ShapeDB Complete: Time (s): cpu = 00:00:00 ; elapsed = 00:00:00.002 . Memory (MB): peak = 1616.113 ; gain = 0.000
INFO: [Common 17-1381] The checkpoint 'C:/Facultate/An_3/Semestrul_2/proiecte/Proiect_uart_spi/UART_SPI/UART_SPI.runs/synth_1/test_uart.dcp' has been generated.
INFO: [Vivado 12-24828] Executing command : report_utilization -file test_uart_utilization_synth.rpt -pb test_uart_utilization_synth.pb
INFO: [Common 17-206] Exiting Vivado at Thu Aug 27 17:53:05 2026...
